// Jest Snapshot v1, https://goo.gl/fbAQLP

exports[`DetailedProduct renders correctly 1`] = `
<div>
  <p>
    product code: null
  </p>
</div>
`;
