// Jest Snapshot v1, https://goo.gl/fbAQLP

exports[`ProductTile renders correctly 1`] = `
<a
  aria-disabled={false}
  className="MuiButtonBase-root"
  href="/detailedProduct?productCode=undefined"
  onBlur={[Function]}
  onClick={[Function]}
  onDragLeave={[Function]}
  onFocus={[Function]}
  onKeyDown={[Function]}
  onKeyUp={[Function]}
  onMouseDown={[Function]}
  onMouseLeave={[Function]}
  onMouseUp={[Function]}
  onTouchEnd={[Function]}
  onTouchMove={[Function]}
  onTouchStart={[Function]}
  role="button"
  tabIndex={0}
>
  <div
    className="MuiPaper-root MuiPaper-elevation1 MuiCard-root makeStyles-card-1 MuiPaper-rounded"
  >
    <div
      className="MuiCardContent-root"
    >
      <h2
        className="MuiTypography-root MuiTypography-h5 MuiTypography-gutterBottom"
      />
      <h2
        className="MuiTypography-root MuiTypography-h6 MuiTypography-gutterBottom"
      />
      <h2
        className="MuiTypography-root MuiTypography-h6 MuiTypography-gutterBottom"
      />
      <div
        className="MuiCardMedia-root makeStyles-media-2"
        title="Product"
      />
      <p
        className="MuiTypography-root MuiTypography-body2 MuiTypography-colorTextSecondary"
      />
    </div>
  </div>
</a>
`;
