// Jest Snapshot v1, https://goo.gl/fbAQLP

exports[`Products renders correctly 1`] = `
<div>
  <p />
  <div
    className="MuiGrid-root MuiGrid-container MuiGrid-spacing-xs-5 MuiGrid-direction-xs-column MuiGrid-align-items-xs-center MuiGrid-justify-xs-center"
    style={
      Object {
        "minHeight": "90vh",
      }
    }
  >
    <div
      className="MuiGrid-root MuiGrid-item"
    >
      <a
        aria-disabled={false}
        className="MuiButtonBase-root"
        href="/detailedProduct?productCode=01"
        onBlur={[Function]}
        onClick={[Function]}
        onDragLeave={[Function]}
        onFocus={[Function]}
        onKeyDown={[Function]}
        onKeyUp={[Function]}
        onMouseDown={[Function]}
        onMouseLeave={[Function]}
        onMouseUp={[Function]}
        onTouchEnd={[Function]}
        onTouchMove={[Function]}
        onTouchStart={[Function]}
        role="button"
        tabIndex={0}
      >
        <div
          className="MuiPaper-root MuiPaper-elevation1 MuiCard-root makeStyles-card-104 MuiPaper-rounded"
        >
          <div
            className="MuiCardContent-root"
          >
            <h2
              className="MuiTypography-root MuiTypography-h5 MuiTypography-gutterBottom"
            >
              Super Amazing Awsome Cake
            </h2>
            <h2
              className="MuiTypography-root MuiTypography-h6 MuiTypography-gutterBottom"
            >
              Gordon Ramsay
            </h2>
            <h2
              className="MuiTypography-root MuiTypography-h6 MuiTypography-gutterBottom"
            >
              $123.45
            </h2>
            <div
              className="MuiCardMedia-root makeStyles-media-105"
              style={
                Object {
                  "backgroundImage": "url(\\"https://images.immediate.co.uk/production/volatile/sites/2/2019/04/Choc-Fudge-Cake-b2d1909.jpg?quality=45&resize=620,413\\")",
                }
              }
              title="Product"
            />
            <p
              className="MuiTypography-root MuiTypography-body2 MuiTypography-colorTextSecondary"
            >
              This cake is super duper amazing!
            </p>
          </div>
        </div>
      </a>
    </div>
    <div
      className="MuiGrid-root MuiGrid-item"
    >
      <a
        aria-disabled={false}
        className="MuiButtonBase-root"
        href="/detailedProduct?productCode=02"
        onBlur={[Function]}
        onClick={[Function]}
        onDragLeave={[Function]}
        onFocus={[Function]}
        onKeyDown={[Function]}
        onKeyUp={[Function]}
        onMouseDown={[Function]}
        onMouseLeave={[Function]}
        onMouseUp={[Function]}
        onTouchEnd={[Function]}
        onTouchMove={[Function]}
        onTouchStart={[Function]}
        role="button"
        tabIndex={0}
      >
        <div
          className="MuiPaper-root MuiPaper-elevation1 MuiCard-root makeStyles-card-104 MuiPaper-rounded"
        >
          <div
            className="MuiCardContent-root"
          >
            <h2
              className="MuiTypography-root MuiTypography-h5 MuiTypography-gutterBottom"
            >
              Not So Amazing Cake
            </h2>
            <h2
              className="MuiTypography-root MuiTypography-h6 MuiTypography-gutterBottom"
            >
              El Goron Ramsi
            </h2>
            <h2
              className="MuiTypography-root MuiTypography-h6 MuiTypography-gutterBottom"
            >
              $67.89
            </h2>
            <div
              className="MuiCardMedia-root makeStyles-media-105"
              style={
                Object {
                  "backgroundImage": "url(\\"https://7yearolds.com/wp-content/uploads/2018/11/cake.jpg\\")",
                }
              }
              title="Product"
            />
            <p
              className="MuiTypography-root MuiTypography-body2 MuiTypography-colorTextSecondary"
            >
              This cake is not so amazing...
            </p>
          </div>
        </div>
      </a>
    </div>
  </div>
</div>
`;
